------------------------------------------------------------
Timing Analyzer Summary
------------------------------------------------------------

Type  : Slow 1100mV 85C Model Setup 'clk'
Slack : -24.337
TNS   : -878.825

Type  : Slow 1100mV 85C Model Hold 'clk'
Slack : 0.323
TNS   : 0.000

Type  : Slow 1100mV 85C Model Minimum Pulse Width 'clk'
Slack : -2.636
TNS   : -631.503

Type  : Slow 1100mV 0C Model Setup 'clk'
Slack : -26.314
TNS   : -860.959

Type  : Slow 1100mV 0C Model Hold 'clk'
Slack : 0.306
TNS   : 0.000

Type  : Slow 1100mV 0C Model Minimum Pulse Width 'clk'
Slack : -2.636
TNS   : -636.394

Type  : Fast 1100mV 85C Model Setup 'clk'
Slack : -9.739
TNS   : -272.832

Type  : Fast 1100mV 85C Model Hold 'clk'
Slack : 0.170
TNS   : 0.000

Type  : Fast 1100mV 85C Model Minimum Pulse Width 'clk'
Slack : -2.174
TNS   : -322.482

Type  : Fast 1100mV 0C Model Setup 'clk'
Slack : -9.325
TNS   : -221.271

Type  : Fast 1100mV 0C Model Hold 'clk'
Slack : 0.125
TNS   : 0.000

Type  : Fast 1100mV 0C Model Minimum Pulse Width 'clk'
Slack : -2.174
TNS   : -322.893

------------------------------------------------------------
